[    0.000000] Initializing cgroup subsys cpuset
[    0.000000] Initializing cgroup subsys cpu
[    0.000000] Initializing cgroup subsys cpuacct
[    0.000000] Linux version 4.4.0-142-generic (buildd@lgw01-amd64-033) (gcc version 5.4.0 20160609 (Ubuntu 5.4.0-6ubuntu1~16.04.10) ) #168-Ubuntu SMP Wed Jan 16 21:00:45 UTC 2019 (Ubuntu 4.4.0-142.168-generic 4.4.167)
[    0.000000] Command line: BOOT_IMAGE=/boot/vmlinuz-4.4.0-142-generic root=LABEL=cloudimg-rootfs ro console=tty1 console=ttyS0
[    0.000000] KERNEL supported cpus:
[    0.000000]   Intel GenuineIntel
[    0.000000]   AMD AuthenticAMD
[    0.000000]   Centaur CentaurHauls
[    0.000000] x86/fpu: xstate_offset[2]:  576, xstate_sizes[2]:  256
[    0.000000] x86/fpu: Supporting XSAVE feature 0x01: 'x87 floating point registers'
[    0.000000] x86/fpu: Supporting XSAVE feature 0x02: 'SSE registers'
[    0.000000] x86/fpu: Supporting XSAVE feature 0x04: 'AVX registers'
[    0.000000] x86/fpu: Enabled xstate features 0x7, context size is 832 bytes, using 'standard' format.
[    0.000000] e820: BIOS-provided physical RAM map:
[    0.000000] BIOS-e820: [mem 0x0000000000000000-0x000000000009fbff] usable
[    0.000000] BIOS-e820: [mem 0x000000000009fc00-0x000000000009ffff] reserved
[    0.000000] BIOS-e820: [mem 0x00000000000f0000-0x00000000000fffff] reserved
[    0.000000] BIOS-e820: [mem 0x0000000000100000-0x000000003ffeffff] usable
[    0.000000] BIOS-e820: [mem 0x000000003fff0000-0x000000003fffffff] ACPI data
[    0.000000] BIOS-e820: [mem 0x00000000fec00000-0x00000000fec00fff] reserved
[    0.000000] BIOS-e820: [mem 0x00000000fee00000-0x00000000fee00fff] reserved
[    0.000000] BIOS-e820: [mem 0x00000000fffc0000-0x00000000ffffffff] reserved
[    0.000000] NX (Execute Disable) protection: active
[    0.000000] SMBIOS 2.5 present.
[    0.000000] Hypervisor detected: KVM
[    0.000000] e820: last_pfn = 0x3fff0 max_arch_pfn = 0x400000000
[    0.000000] MTRR: Disabled
[    0.000000] x86/PAT: MTRRs disabled, skipping PAT initialization too.
[    0.000000] CPU MTRRs all blank - virtualized system.
[    0.000000] x86/PAT: Configuration [0-7]: WB  WT  UC- UC  WB  WT  UC- UC  
[    0.000000] found SMP MP-table at [mem 0x0009fff0-0x0009ffff] mapped at [ffff88000009fff0]
[    0.000000] Scanning 1 areas for low memory corruption
[    0.000000] RAMDISK: [mem 0x3630a000-0x3717cfff]
[    0.000000] ACPI: Early table checksum verification disabled
[    0.000000] ACPI: RSDP 0x00000000000E0000 000024 (v02 VBOX  )
[    0.000000] ACPI: XSDT 0x000000003FFF0030 00003C (v01 VBOX   VBOXXSDT 00000001 ASL  00000061)
[    0.000000] ACPI: FACP 0x000000003FFF00F0 0000F4 (v04 VBOX   VBOXFACP 00000001 ASL  00000061)
[    0.000000] ACPI: DSDT 0x000000003FFF0470 0021FF (v02 VBOX   VBOXBIOS 00000002 INTL 20180105)
[    0.000000] ACPI: FACS 0x000000003FFF0200 000040
[    0.000000] ACPI: FACS 0x000000003FFF0200 000040
[    0.000000] ACPI: APIC 0x000000003FFF0240 00005C (v02 VBOX   VBOXAPIC 00000001 ASL  00000061)
[    0.000000] ACPI: SSDT 0x000000003FFF02A0 0001CC (v01 VBOX   VBOXCPUT 00000002 INTL 20180105)
[    0.000000] No NUMA configuration found
[    0.000000] Faking a node at [mem 0x0000000000000000-0x000000003ffeffff]
[    0.000000] NODE_DATA(0) allocated [mem 0x3ffeb000-0x3ffeffff]
[    0.000000] kvm-clock: Using msrs 4b564d01 and 4b564d00
[    0.000000] kvm-clock: cpu 0, msr 0:3ffe3001, primary cpu clock
[    0.000000] kvm-clock: using sched offset of 3161811208 cycles
[    0.000000] clocksource: kvm-clock: mask: 0xffffffffffffffff max_cycles: 0x1cd42e4dffb, max_idle_ns: 881590591483 ns
[    0.000000] Zone ranges:
[    0.000000]   DMA      [mem 0x0000000000001000-0x0000000000ffffff]
[    0.000000]   DMA32    [mem 0x0000000001000000-0x000000003ffeffff]
[    0.000000]   Normal   empty
[    0.000000]   Device   empty
[    0.000000] Movable zone start for each node
[    0.000000] Early memory node ranges
[    0.000000]   node   0: [mem 0x0000000000001000-0x000000000009efff]
[    0.000000]   node   0: [mem 0x0000000000100000-0x000000003ffeffff]
[    0.000000] Initmem setup node 0 [mem 0x0000000000001000-0x000000003ffeffff]
[    0.000000] ACPI: PM-Timer IO Port: 0x4008
[    0.000000] IOAPIC[0]: apic_id 2, version 32, address 0xfec00000, GSI 0-23
[    0.000000] ACPI: INT_SRC_OVR (bus 0 bus_irq 0 global_irq 2 dfl dfl)
[    0.000000] ACPI: INT_SRC_OVR (bus 0 bus_irq 9 global_irq 9 low level)
[    0.000000] Using ACPI (MADT) for SMP configuration information
[    0.000000] smpboot: Allowing 2 CPUs, 0 hotplug CPUs
[    0.000000] PM: Registered nosave memory: [mem 0x00000000-0x00000fff]
[    0.000000] PM: Registered nosave memory: [mem 0x0009f000-0x0009ffff]
[    0.000000] PM: Registered nosave memory: [mem 0x000a0000-0x000effff]
[    0.000000] PM: Registered nosave memory: [mem 0x000f0000-0x000fffff]
[    0.000000] e820: [mem 0x40000000-0xfebfffff] available for PCI devices
[    0.000000] Booting paravirtualized kernel on KVM
[    0.000000] clocksource: refined-jiffies: mask: 0xffffffff max_cycles: 0xffffffff, max_idle_ns: 7645519600211568 ns
[    0.000000] setup_percpu: NR_CPUS:512 nr_cpumask_bits:512 nr_cpu_ids:2 nr_node_ids:1
[    0.000000] PERCPU: Embedded 34 pages/cpu @ffff88003fc00000 s99480 r8192 d31592 u1048576
[    0.000000] Built 1 zonelists in Node order, mobility grouping on.  Total pages: 257912
[    0.000000] Policy zone: DMA32
[    0.000000] Kernel command line: BOOT_IMAGE=/boot/vmlinuz-4.4.0-142-generic root=LABEL=cloudimg-rootfs ro console=tty1 console=ttyS0
[    0.000000] PID hash table entries: 4096 (order: 3, 32768 bytes)
[    0.000000] Memory: 997736K/1048120K available (8603K kernel code, 1332K rwdata, 4004K rodata, 1484K init, 1316K bss, 50384K reserved, 0K cma-reserved)
[    0.000000] SLUB: HWalign=64, Order=0-3, MinObjects=0, CPUs=2, Nodes=1
[    0.000000] Kernel/User page tables isolation: enabled
[    0.000000] Hierarchical RCU implementation.
[    0.000000] 	Build-time adjustment of leaf fanout to 64.
[    0.000000] 	RCU restricting CPUs from NR_CPUS=512 to nr_cpu_ids=2.
[    0.000000] RCU: Adjusting geometry for rcu_fanout_leaf=64, nr_cpu_ids=2
[    0.000000] NR_IRQS:33024 nr_irqs:440 16
[    0.000000] Console: colour VGA+ 80x25
[    0.000000] console [tty1] enabled
[    0.000000] console [ttyS0] enabled
[    0.000000] tsc: Detected 2495.998 MHz processor
[    0.221699] Calibrating delay loop (skipped) preset value.. 4991.99 BogoMIPS (lpj=9983992)
[    0.224047] pid_max: default: 32768 minimum: 301
[    0.225342] ACPI: Core revision 20150930
[    0.227390] ACPI: 2 ACPI AML tables successfully acquired and loaded
[    0.229182] Security Framework initialized
[    0.230353] Yama: becoming mindful.
[    0.231427] AppArmor: AppArmor initialized
[    0.232655] Dentry cache hash table entries: 131072 (order: 8, 1048576 bytes)
[   0.235296] Inode-cache hash table entries: 65536 (order: 7, 524288 bytes)
[    0.249645] Mount-cache hash table entries: 2048 (order: 2, 16384 bytes)
[    0.251465] Mountpoint-cache hash table entries: 2048 (order: 2, 16384 bytes)
[    0.253462] Initializing cgroup subsys io
[    0.254679] Initializing cgroup subsys memory
[    0.255868] Initializing cgroup subsys devices
[    0.257072] Initializing cgroup subsys freezer
[    0.258292] Initializing cgroup subsys net_cls
[    0.259543] Initializing cgroup subsys perf_event
[    0.260800] Initializing cgroup subsys net_prio

[    0.262084] Initializing cgroup subsys hugetlb
[    0.263418] Initializing cgroup subsys pids
[    0.266338] mce: CPU supports 0 MCE banks
[    0.267562] Last level iTLB entries: 4KB 64, 2MB 8, 4MB 8
[    0.269122] Last level dTLB entries: 4KB 64, 2MB 0, 4MB 0, 1GB 4
[    0.270841] Spectre V2 : Mitigation: Full generic retpoline
[    0.277650] Spectre V2 : Spectre v2 / SpectreRSB mitigation: Filling RSB on context switch
[    0.279866] Speculative Store Bypass: Vulnerable
[    0.283646] Freeing SMP alternatives memory: 32K
[    0.289803] ftrace: allocating 32277 entries in 127 pages
[    0.357178] smpboot: APIC(0) Converting physical 0 to logical package 0
[    0.366035] smpboot: Max logical packages: 1
[    0.367642] x2apic enabled
[    0.368809] Switched APIC routing to physical x2apic.
[    0.371645] ..TIMER: vector=0x30 apic1=0 pin1=2 apic2=-1 pin2=-1
[    0.480501] smpboot: CPU0: Intel(R) Core(TM) i5-6300U CPU @ 2.40GHz (family: 0x6, model: 0x4e, stepping: 0x3)
[    0.484841] Performance Events: unsupported p6 CPU model 78 no PMU driver, software events only.
[    0.498598] KVM setup paravirtual spinlock
[    0.500479] x86: Booting SMP configuration:
[    0.501638] .... node  #0, CPUs:      #1
[    0.502904] kvm-clock: cpu 1, msr 0:3ffe3041, secondary cpu clock
[    0.514220] mce: CPU supports 0 MCE banks
[    0.517148] x86: Booted up 1 node, 2 CPUs
[    0.518490] smpboot: Total of 2 processors activated (9983.99 BogoMIPS)
[    0.520538] devtmpfs: initialized
[    0.523663] evm: security.selinux
[    0.524690] evm: security.SMACK64
[    0.525676] evm: security.SMACK64EXEC
[    0.531953] evm: security.SMACK64TRANSMUTE
[    0.533146] evm: security.SMACK64MMAP
[    0.534200] evm: security.ima
[    0.535109] evm: security.capability
[    0.536312] clocksource: jiffies: mask: 0xffffffff max_cycles: 0xffffffff, max_idle_ns: 7645041785100000 ns
[    0.538878] futex hash table entries: 512 (order: 3, 32768 bytes)
[    0.540641] pinctrl core: initialized pinctrl subsystem
[    0.542127] RTC time: 22:22:19, date: 09/19/19
[    0.544341] NET: Registered protocol family 16
[    0.554514] cpuidle: using governor ladder
[    0.568120] cpuidle: using governor menu
[    0.570722] PCCT header not found.
[    0.572098] ACPI: bus type PCI registered
[    0.573507] acpiphp: ACPI Hot Plug PCI Controller Driver version: 0.5
[    0.575532] PCI: Using configuration type 1 for base access
[    0.590098] ACPI: Added _OSI(Module Device)
[    0.592870] ACPI: Added _OSI(Processor Device)
[    0.601589] ACPI: Added _OSI(3.0 _SCP Extensions)
[    0.603662] ACPI: Added _OSI(Processor Aggregator Device)
[    0.611232] ACPI: Executed 1 blocks of module-level executable AML code
[    0.615060] ACPI: Interpreter enabled
[    0.616158] ACPI: (supports S0 S5)
[    0.617144] ACPI: Using IOAPIC for interrupt routing
[    0.618680] PCI: Using host bridge windows from ACPI; if necessary, use "pci=nocrs" and report a bug
[    0.624520] ACPI: PCI Root Bridge [PCI0] (domain 0000 [bus 00-ff])
[    0.626183] acpi PNP0A03:00: _OSC: OS supports [ASPM ClockPM Segments MSI]
[    0.627977] acpi PNP0A03:00: _OSC: not requesting OS control; OS requires [ExtendedConfig ASPM ClockPM MSI]
[    0.630615] acpi PNP0A03:00: fail to add MMCONFIG information, can't access extended PCI configuration space under this bridge.
[    0.633904] PCI host bridge to bus 0000:00
[    0.635089] pci_bus 0000:00: root bus resource [io  0x0000-0x0cf7 window]
[    0.636822] pci_bus 0000:00: root bus resource [io  0x0d00-0xffff window]
[    0.638569] pci_bus 0000:00: root bus resource [mem 0x000a0000-0x000bffff window]
[    0.642086] pci_bus 0000:00: root bus resource [mem 0x40000000-0xfdffffff window]
[    0.644403] pci_bus 0000:00: root bus resource [bus 00-ff]
[    0.647667] pci 0000:00:01.1: legacy IDE quirk: reg 0x10: [io  0x01f0-0x01f7]
[    0.649562] pci 0000:00:01.1: legacy IDE quirk: reg 0x14: [io  0x03f6]
[    0.651351] pci 0000:00:01.1: legacy IDE quirk: reg 0x18: [io  0x0170-0x0177]
[    0.653332] pci 0000:00:01.1: legacy IDE quirk: reg 0x1c: [io  0x0376]
[    0.672371] pci 0000:00:07.0: quirk: [io  0x4000-0x403f] claimed by PIIX4 ACPI
[    0.680031] pci 0000:00:07.0: quirk: [io  0x4100-0x410f] claimed by PIIX4 SMB
[    0.701213] ACPI: PCI Interrupt Link [LNKA] (IRQs 5 9 10 *11)
[    0.703563] ACPI: PCI Interrupt Link [LNKB] (IRQs 5 9 *10 11)
[    0.705738] ACPI: PCI Interrupt Link [LNKC] (IRQs 5 *9 10 11)
[    0.707800] ACPI: PCI Interrupt Link [LNKD] (IRQs 5 9 10 *11)
[    0.709869] ACPI: Enabled 2 GPEs in block 00 to 07
[    0.711764] vgaarb: setting as boot device: PCI:0000:00:02.0
[    0.713420] vgaarb: device added: PCI:0000:00:02.0,decodes=io+mem,owns=io+mem,locks=none
[    0.716002] vgaarb: loaded
[    0.716982] vgaarb: bridge control possible 0000:00:02.0
[    0.718764] SCSI subsystem initialized
[    0.719962] ACPI: bus type USB registered
[    0.721264] usbcore: registered new interface driver usbfs
[    0.722805] usbcore: registered new interface driver hub
[    0.724349] usbcore: registered new device driver usb
[    0.726954] PCI: Using ACPI for IRQ routing
[    0.728655] NetLabel: Initializing
[    0.729719] NetLabel:  domain hash size = 128
[    0.731034] NetLabel:  protocols = UNLABELED CIPSOv4
[    0.732408] NetLabel:  unlabeled traffic allowed by default
[    0.754991] amd_nb: Cannot enumerate AMD northbridges
[    0.756374] clocksource: Switched to clocksource kvm-clock
[    0.764745] AppArmor: AppArmor Filesystem Enabled
[    0.766211] pnp: PnP ACPI init
[    0.767876] pnp: PnP ACPI: found 3 devices
[    0.778424] clocksource: acpi_pm: mask: 0xffffff max_cycles: 0xffffff, max_idle_ns: 2085701024 ns
[    0.780920] NET: Registered protocol family 2
[    0.782299] TCP established hash table entries: 8192 (order: 4, 65536 bytes)
[    0.785266] TCP bind hash table entries: 8192 (order: 5, 131072 bytes)
[    0.787083] TCP: Hash tables configured (established 8192 bind 8192)
[    0.788869] UDP hash table entries: 512 (order: 2, 16384 bytes)
[    0.790451] UDP-Lite hash table entries: 512 (order: 2, 16384 bytes)
[    0.792092] NET: Registered protocol family 1
[    0.793400] pci 0000:00:00.0: Limiting direct PCI/PCI transfers
[    0.795044] pci 0000:00:01.0: Activating ISA DMA hang workarounds
[    0.796865] Unpacking initramfs...
[    1.032473] Freeing initrd memory: 14796K
[    1.086528] platform rtc_cmos: registered platform RTC device (no PNP device found)
[    1.088860] Scanning for low memory corruption every 60 seconds
[    1.090925] audit: initializing netlink subsys (disabled)
[    1.092354] audit: type=2000 audit(1568931744.494:1): initialized
[    1.094241] Initialise system trusted keyring
[    1.095723] HugeTLB registered 2 MB page size, pre-allocated 0 pages
[    1.098887] zbud: loaded
[    1.100057] VFS: Disk quotas dquot_6.6.0
[    1.101264] VFS: Dquot-cache hash table entries: 512 (order 0, 4096 bytes)
[    1.103363] squashfs: version 4.0 (2009/01/31) Phillip Lougher
[    1.105271] fuse init (API version 7.23)
[    1.106512] Key type big_key registered
[    1.107642] Allocating IMA MOK and blacklist keyrings.
[    1.110153] Key type asymmetric registered
[    1.111288] Asymmetric key parser 'x509' registered
[    1.112589] Block layer SCSI generic (bsg) driver version 0.4 loaded (major 249)
[    1.114688] io scheduler noop registered
[    1.115814] io scheduler deadline registered (default)
[    1.117289] io scheduler cfq registered
[    1.118518] pci_hotplug: PCI Hot Plug PCI Core version: 0.5
[    1.119986] pciehp: PCI Express Hot Plug Controller Driver version: 0.4
[    1.121767] ACPI: AC Adapter [AC] (on-line)
[    1.122953] input: Power Button as /devices/LNXSYSTM:00/LNXPWRBN:00/input/input0
[    1.124985] ACPI: Power Button [PWRF]
[    1.126160] input: Sleep Button as /devices/LNXSYSTM:00/LNXSLPBN:00/input/input1
[    1.128204] ACPI: Sleep Button [SLPF]
[    1.129976] ACPI: Battery Slot [BAT0] (battery present)
[    1.132139] GHES: HEST is not enabled!
[    1.138008] Serial: 8250/16550 driver, 32 ports, IRQ sharing enabled
[    1.161788] 00:02: ttyS0 at I/O 0x3f8 (irq = 4, base_baud = 115200) is a 16550A
[    1.178532] Linux agpgart interface v0.103
[    1.181087] loop: module loaded
[    1.182622] scsi host0: ata_piix
[    1.183725] scsi host1: ata_piix
[    1.184733] ata1: PATA max UDMA/33 cmd 0x1f0 ctl 0x3f6 bmdma 0xd000 irq 14
[    1.186494] ata2: PATA max UDMA/33 cmd 0x170 ctl 0x376 bmdma 0xd008 irq 15
[    1.188338] libphy: Fixed MDIO Bus: probed
[    1.189666] tun: Universal TUN/TAP device driver, 1.6
[    1.191044] tun: (C) 1999-2004 Max Krasnyansky <maxk@qualcomm.com>
[    1.192713] PPP generic driver version 2.4.2
[    1.194014] ehci_hcd: USB 2.0 'Enhanced' Host Controller (EHCI) Driver
[    1.195690] ehci-pci: EHCI PCI platform driver
[    1.211160] ehci-platform: EHCI generic platform driver
[    1.212577] ohci_hcd: USB 1.1 'Open' Host Controller (OHCI) Driver
[    1.225879] ohci-pci: OHCI PCI platform driver
[    1.227241] ohci-platform: OHCI generic platform driver
[    1.228788] uhci_hcd: USB Universal Host Controller Interface driver
[    1.230622] i8042: PNP: PS/2 Controller [PNP0303:PS2K,PNP0f03:PS2M] at 0x60,0x64 irq 1,12
[    1.233544] serio: i8042 KBD port at 0x60,0x64 irq 1
[    1.234942] serio: i8042 AUX port at 0x60,0x64 irq 12
[    1.236476] mousedev: PS/2 mouse device common for all mice
[    1.238397] rtc_cmos rtc_cmos: rtc core: registered rtc_cmos as rtc0
[    1.240310] rtc_cmos rtc_cmos: alarms up to one day, 114 bytes nvram
[    1.242123] i2c /dev entries driver
[    1.243362] input: AT Translated Set 2 keyboard as /devices/platform/i8042/serio0/input/input2
[    1.245971] device-mapper: uevent: version 1.0.3
[    1.247504] device-mapper: ioctl: 4.34.0-ioctl (2015-10-28) initialised: dm-devel@redhat.com
[    1.249852] ledtrig-cpu: registered to indicate activity on CPUs
[    1.251928] NET: Registered protocol family 10
[    1.253375] NET: Registered protocol family 17
[    1.254653] Key type dns_resolver registered
[    1.256371] registered taskstats version 1
[    1.257674] Loading compiled-in X.509 certificates
[    1.259612] Loaded X.509 cert 'Build time autogenerated kernel key: bff73e56bc0efa7435b2a24f5427674623f1be80'
[    1.263405] zswap: loaded using pool lzo/zbud
[    1.266289] Key type trusted registered
[    1.270136] Key type encrypted registered
[    1.271243] AppArmor: AppArmor sha1 policy hashing enabled
[    1.272646] ima: No TPM chip found, activating TPM-bypass!
[    1.274033] ima: Allocated hash algorithm: sha1
[    1.275265] evm: HMAC attrs: 0x1
[    1.276626]   Magic number: 3:604:401
[    1.277814] rtc_cmos rtc_cmos: setting system clock to 2019-09-19 22:22:20 UTC (1568931740)
[    1.280249] BIOS EDD facility v0.16 2004-Jun-25, 0 devices found
[    1.281837] EDD information not available.
[    1.350507] Freeing unused kernel memory: 1484K
[    1.427385] Write protecting the kernel read-only data: 14336k
[    1.429577] Freeing unused kernel memory: 1624K
[    1.431042] Freeing unused kernel memory: 92K
Loading, please wait...
starting version 229
[    1.444708] random: systemd-udevd: uninitialized urandom read (16 bytes read, 3 bits of entropy available)
[    1.445297] random: udevadm: uninitialized urandom read (16 bytes read, 3 bits of entropy available)
[    1.445323] random: udevadm: uninitialized urandom read (16 bytes read, 3 bits of entropy available)
[    1.452340] random: systemd-udevd: uninitialized urandom read (16 bytes read, 3 bits of entropy available)
[    1.454894] random: systemd-udevd: uninitialized urandom read (16 bytes read, 3 bits of entropy available)
[    1.456753] random: udevadm: uninitialized urandom read (16 bytes read, 3 bits of entropy available)
[    1.456808] random: udevadm: uninitialized urandom read (16 bytes read, 3 bits of entropy available)
[    1.456975] random: udevadm: uninitialized urandom read (16 bytes read, 3 bits of entropy available)
[    1.457051] random: udevadm: uninitialized urandom read (16 bytes read, 3 bits of entropy available)
[    1.457124] random: udevadm: uninitialized urandom read (16 bytes read, 3 bits of entropy available)
[    1.597643] e1000: Intel(R) PRO/1000 Network Driver - version 7.3.21-k8-NAPI
[    1.602579] e1000: Copyright (c) 1999-2006 Intel Corporation.
[    1.608989] Fusion MPT base driver 3.04.20
[    1.616014] Copyright (c) 1999-2008 LSI Corporation
[    1.638124] AVX2 version of gcm_enc/dec engaged.
[    1.641815] AES CTR mode by8 optimization enabled
[    1.656972] Fusion MPT SPI Host driver 3.04.20
[    1.853520] input: ImExPS/2 Generic Explorer Mouse as /devices/platform/i8042/serio1/input/input4
[    2.008548] e1000 0000:00:03.0 eth0: (PCI:33MHz:32-bit) 02:47:ec:b6:72:35
[    2.015663] e1000 0000:00:03.0 eth0: Intel(R) PRO/1000 Network Connection
[    2.084593] tsc: Refined TSC clocksource calibration: 2497.042 MHz
[    2.086336] clocksource: tsc: mask: 0xffffffffffffffff max_cycles: 0x23fe4fb1485, max_idle_ns: 440795329632 ns
[    2.678640] e1000 0000:00:08.0 eth1: (PCI:33MHz:32-bit) 08:00:27:d8:64:85
[    2.684067] e1000 0000:00:08.0 eth1: Intel(R) PRO/1000 Network Connection
[    2.690228] e1000 0000:00:08.0 enp0s8: renamed from eth1
[    2.693080] mptbase: ioc0: Initiating bringup
[    2.704962] e1000 0000:00:03.0 enp0s3: renamed from eth0
[    2.761538] ioc0: LSI53C1030 A0: Capabilities={Initiator}
[    2.936923] scsi host2: ioc0: LSI53C1030 A0, FwRev=00000000h, Ports=1, MaxQ=256, IRQ=20
[    3.066052] scsi 2:0:0:0: Direct-Access     VBOX     HARDDISK         1.0  PQ: 0 ANSI: 5
[    3.077648] scsi target2:0:0: Beginning Domain Validation
[    3.084916] scsi target2:0:0: Domain Validation skipping write tests
[    3.091337] scsi target2:0:0: Ending Domain Validation
[    3.093695] scsi target2:0:0: asynchronous
[    3.099440] scsi 2:0:1:0: Direct-Access     VBOX     HARDDISK         1.0  PQ: 0 ANSI: 5
[    3.101777] scsi target2:0:1: Beginning Domain Validation
[    3.104597] scsi target2:0:1: Domain Validation skipping write tests
[    3.106287] scsi target2:0:1: Ending Domain Validation
[    3.119913] scsi target2:0:1: asynchronous
[    3.164855] sd 2:0:0:0: Attached scsi generic sg0 type 0
[    3.165214] sd 2:0:0:0: [sda] 20971520 512-byte logical blocks: (10.7 GB/10.0 GiB)
[    3.165340] sd 2:0:0:0: [sda] Write Protect is off
[    3.165425] sd 2:0:0:0: [sda] Incomplete mode parameter data
[    3.165427] sd 2:0:0:0: [sda] Assuming drive cache: write through
[    3.174511]  sda: sda1
[    3.175158] sd 2:0:0:0: [sda] Attached SCSI disk
[    3.189649] sd 2:0:1:0: Attached scsi generic sg1 type 0
[    3.189841] sd 2:0:1:0: [sdb] 20480 512-byte logical blocks: (10.5 MB/10.0 MiB)
[    3.189981] sd 2:0:1:0: [sdb] Write Protect is off
[    3.190079] sd 2:0:1:0: [sdb] Incomplete mode parameter data
[    3.190081] sd 2:0:1:0: [sdb] Assuming drive cache: write through
[    3.191643] sd 2:0:1:0: [sdb] Attached SCSI disk
Begin: Loading essential drivers ... [    4.544415] md: linear personality registered for level -1
[    4.661562] md: multipath personality registered for level -4
[    4.665574] md: raid0 personality registered for level 0
[    4.670696] md: raid1 personality registered for level 1
[    4.740443] raid6: sse2x1   gen()  9862 MB/s
[    4.808471] raid6: sse2x1   xor()  6234 MB/s
[    4.884451] raid6: sse2x2   gen() 11336 MB/s
[    4.956417] raid6: sse2x2   xor()  8286 MB/s
[    5.024465] raid6: sse2x4   gen() 13970 MB/s
[    5.092441] raid6: sse2x4   xor()  9496 MB/s
[    5.160442] raid6: avx2x1   gen() 20100 MB/s
[    5.228454] raid6: avx2x2   gen() 22568 MB/s
[    5.296399] raid6: avx2x4   gen() 25390 MB/s
[    5.297637] raid6: using algorithm avx2x4 gen() 25390 MB/s
[    5.299149] raid6: using avx2x2 recovery algorithm
[    5.301712] xor: automatically using best checksumming function:
[    5.396423]    avx       : 27084.000 MB/sec
[    5.401838] async_tx: api initialized (async)
[    5.421318] md: raid6 personality registered for level 6
[    5.423053] md: raid5 personality registered for level 5
[    5.425735] md: raid4 personality registered for level 4
[    5.441935] md: raid10 personality registered for level 10
done.
Begin: Running /scripts/init-premount ... done.
Begin: Mounting root file system ... Begin: Running /scripts/local-top ... done.
Begin: Running /scripts/local-premount ... [    5.482155] Btrfs loaded
Scanning for Btrfs filesystems
done.
Warning: fsck no[    5.504874] EXT4-fs (sda1): mounted filesystem with ordered data mode. Opts: (null)
t present, so skipping root file system
done.
Begin: Running /scripts/local-bottom ... done.
Begin: Running /scripts/init-bottom ... done.
[    5.567376] systemd[1]: systemd 229 running in system mode. (+PAM +AUDIT +SELINUX +IMA +APPARMOR +SMACK +SYSVINIT +UTMP +LIBCRYPTSETUP +GCRYPT +GNUTLS +ACL +XZ -LZ4 +SECCOMP +BLKID +ELFUTILS +KMOD -IDN)
[    5.572211] systemd[1]: Detected virtualization oracle.
[    5.573686] systemd[1]: Detected architecture x86-64.

Welcome to [1mUbuntu 16.04.5 LTS[0m!

[    5.577243] systemd[1]: Set hostname to <ubuntu>.
[    5.579430] systemd[1]: Initializing machine ID from random generator.
[    5.581292] systemd[1]: Installed transient /etc/machine-id file.
[    5.662943] systemd[1]: Reached target Encrypted Volumes.
[[0;32m  OK  [0m] Reached target Encrypted Volumes.
[    5.666056] systemd[1]: Listening on LVM2 metadata daemon socket.
[[0;32m  OK  [0m] Listening on LVM2 metadata daemon socket.
[    5.669416] systemd[1]: Listening on Journal Socket.
[[0;32m  OK  [0m] Listening on Journal Socket.
[    5.672240] systemd[1]: Listening on Device-mapper event daemon FIFOs.
[[0;32m  OK  [0m] Listening on Device-mapper event daemon FIFOs.
[    5.676039] systemd[1]: Listening on Journal Socket (/dev/log).
[[0;32m  OK  [0m] Listening on Journal Socket (/dev/log).
[    5.679518] systemd[1]: Listening on Journal Audit Socket.
[[0;32m  OK  [0m] Listening on Journal Audit Socket.
[    5.682769] systemd[1]: Listening on udev Kernel Socket.
[[0;32m  OK  [0m] Listening on udev Kernel Socket.
[    5.686342] systemd[1]: Created slice User and Session Slice.
[[0;32m  OK  [0m] Created slice User and Session Slice.
[    5.689554] systemd[1]: Reached target User and Group Name Lookups.
[[0;32m  OK  [0m] Reached target User and Group Name Lookups.
[    5.693323] systemd[1]: Created slice System Slice.
[[0;32m  OK  [0m] Created slice System Slice.
[    5.708588] systemd[1]: Starting Uncomplicated firewall...
         Starting Uncomplicated firewall...
[    5.712325] systemd[1]: Mounting POSIX Message Queue File System...
         Mounting POSIX Message Queue File System...
[    5.727475] systemd[1]: Starting Set console keymap...
         Starting Set console keymap...
[    5.758316] systemd[1]: Listening on udev Control Socket.
[[0;32m  OK  [0m] Listening on udev Control Socket.
[    5.762518] systemd[1]: Starting Load Kernel Modules...
         Starting Load Kernel Modules...
[    5.768360] systemd[1]: Starting Create list of required static device nodes for the current kernel...
         Starting Create list of required st... nodes for the current kernel...
[    5.789884] systemd[1]: Set up automount Arbitrary Executable File Formats File System Automount Point.
[    5.792677] Loading iSCSI transport class v2.0-870.
[[0;32m  OK  [0m] Set up automount Arbitrary Executab...ats File System Automount Point.
[    5.811684] iscsi: registered transport (tcp)
[    5.846117] systemd[1]: Starting Nameserver information manager...
         Starting Nameserver information manager...
[    5.851838] systemd[1]: Starting Remount Root and Kernel File Systems...
         Starting Remount Root and Kernel File Systems...
[    5.859977] systemd[1]: Reached target Slices.
[[0;32m  OK  [0m[    5.862202] EXT4-fs (sda1): re-mounted. Opts: (null)
] Reached target Slices.
[    5.864681] systemd[1]: Reached target System Time Synchronized.
[[0;32m  OK  [0m] Reached target System Time Synchronized.
[    5.897368] iscsi: registered transport (iser)
[    5.899081] systemd[1]: Starting Monitoring of LVM2 mirrors, snapshots etc. using dmeventd or progress polling...
         Starting Monitoring of LVM2 mirrors... dmeventd or progress polling...
[    5.904574] systemd[1]: Reached target Swap.
[[0;32m  OK  [0m] Reached target Swap.
[    5.913868] systemd[1]: Created slice system-serial\x2dgetty.slice.
[[0;32m  OK  [0m] Created slice system-serial\x2dgetty.slice.
[    5.940537] systemd[1]: Mounting Huge Pages File System...
         Mounting Huge Pages File System...
[    5.974720] systemd[1]: Started Forward Password Requests to Wall Directory Watch.
[[0;32m  OK  [0m] Started Forward Password Requests to Wall Directory Watch.
[    5.990903] systemd[1]: Listening on LVM2 poll daemon socket.
[[0;32m  OK  [0m] Listening on LVM2 poll daemon socket.
[    6.001273] systemd[1]: Listening on /dev/initctl Compatibility Named Pipe.
[[0;32m  OK  [0m] Listening on /dev/initctl Compatibility Named Pipe.
[    6.013153] systemd[1]: Listening on Syslog Socket.
[[0;32m  OK  [0m] Listening on Syslog Socket.
[    6.109047] systemd[1]: Starting Journal Service...
         Starting Journal Service...
[    6.127454] systemd[1]: Mounting Debug File System...
[    6.179747] random: nonblocking pool is initialized
         Mounting Debug File System...
[    6.183112] systemd[1]: Started Trigger resolvconf update for networkd DNS.
[[0;32m  OK  [0m] Started Trigger resolvconf update for networkd DNS.
[    6.209572] systemd[1]: Mounted Huge Pages File System.
[[0;32m  OK  [0m] Mounted Huge Pages File System.
[    6.374125] systemd[1]: Mounted Debug File System.
[[0;32m  OK  [0m] Mounted Debug File System.
[    6.377282] systemd[1]: Mounted POSIX Message Queue File System.
[[0;32m  OK  [0m] Mounted POSIX Message Queue File System.
[    6.381027] systemd[1]: Started Journal Service.
[[0;32m  OK  [0m] Started Journal Service.
[[0;32m  OK  [0m] Started Uncomplicated firewall.
[[0;32m  OK  [0m] Started Set console keymap.
[[0;32m  OK  [0m] Started Load Kernel Modules.
[[0;32m  OK  [0m] Started Create list of required sta...ce nodes for the current kernel.
[[0;32m  OK  [0m] Started Remount Root and Kernel File Systems.
[[0;32m  OK  [0m] Started Nameserver information manager.
[[0;32m  OK  [0m] Started LVM2 metadata daemon.
         Starting udev Coldplug all Devices...
         Starting Load/Save Random Seed...
         Starting Create Static Device Nodes in /dev...
         Starting Apply Kernel Variables...
         Mounting FUSE Control File System...
         Starting Flush Journal to Persistent Storage...
[[0;32m  OK  [0m] Mounted FUSE Control File System.
[[0;32m  OK  [0m] Started Load/Save Random Seed.
[[0;32m  OK  [0m] Started Create Static Device Nodes in /dev.
[[0;32m  OK  [0m] Started Apply Kernel Variables.
[[0;32m  OK  [0m] Started udev Coldplug all Devices.
[[0;32m  OK  [0m] Started Flush Journal to Persistent Storage.
         Starting udev Kernel Device Manager...
[[0;32m  OK  [0m] Started udev Kernel Device Manager.
[[0;32m  OK  [0m] Started Dispatch Password Requests to Console Directory Watch.
[[0;32m  OK  [0m] Started Monitoring of LVM2 mirrors,...ng dmeventd or progress polling.
[[0;32m  OK  [0m] Found device /dev/ttyS0.
[[0;32m  OK  [0m] Reached target Local File Systems (Pre).
[[0;32m  OK  [0m] Reached target Local File Systems.
         Starting Commit a transient machine-id on disk...
         Starting Initial cloud-init job (pre-networking)...
         Starting Create Volatile Files and Directories...
         Starting Tell Plymouth To Write Out Runtime Data...
         Starting LSB: AppArmor initialization...
         Starting Set console font and keymap...
[[0;32m  OK  [0m] Started Commit a transient machine-id on disk.
[[0;32m  OK  [0m] Started Create Volatile Files and Directories.
[[0;32m  OK  [0m] Started Tell Plymouth To Write Out Runtime Data.
[[0;32m  OK  [0m] Listening on Load/Save RF Kill Switch Status /dev/rfkill Watch.
         Starting Update UTMP about System Boot/Shutdown...
[[0;32m  OK  [0m] Started Update UTMP about System Boot/Shutdown.
[    7.514875] cloud-init[506]: Cloud-init v. 18.4-0ubuntu1~16.04.2 running 'init-local' at Thu, 19 Sep 2019 22:22:26 +0000. Up 7.05 seconds.
[[0;32m  OK  [0m] Started Initial cloud-init job (pre-networking).
[[0;32m  OK  [0m] Reached target Network (Pre).
[[0;32m  OK  [0m] Started LSB: AppArmor initialization.
         Starting Raise network interfaces...
[[0;32m  OK  [0m] Started Set console font and keymap.
[[0;32m  OK  [0m] Created slice system-getty.slice.
[[0;32m  OK  [0m] Started Raise network interfaces.
         Starting Initial cloud-init job (metadata service crawler)...
[[0;32m  OK  [0m] Reached target Network.
[    8.722462] cloud-init[949]: Cloud-init v. 18.4-0ubuntu1~16.04.2 running 'init' at Thu, 19 Sep 2019 22:22:27 +0000. Up 8.30 seconds.
[    8.754166] cloud-init[949]: ci-info: ++++++++++++++++++++++++++++++++++++++Net device info+++++++++++++++++++++++++++++++++++++++
[    8.801001] cloud-init[949]: ci-info: +--------+-------+----------------------------+---------------+--------+-------------------+
[[0;32m  OK  [0m] Started Initial cloud-init job (metadata service crawler).
[    8.831336] [[0;32m  OK  [0m] Reached target Cloud-config availability.
cloud-init[[0;32m  OK  [0m] Reached target Network is Online.
[949]: ci-info: | Device |   Up  |          Address           |      Mask     | Scope  |     Hw-Address    |
         [    8.859379] cloud-init[949]: ci-info: +--------+-------+----------------------------+---------------+--------+-------------------+
Starting iSCSI initiator daemon (iscsid)...[    8.861549] cloud-init[949]: ci-info: | enp0s3 |  True |         10.0.2.15          | 255.255.255.0 | global | 02:47:ec:b6:72:35 |

[    8.861753] cloud-init[949]: ci-info: | enp0s3 |  True | fe80::47:ecff:feb6:7235/64 |       .       |  link  | 02:47:ec:b6:72:35 |
[    8.861931] cloud-init[949]: ci-info: | enp0s8 | False |             .              |       .       |   .    | 08:00:27:d8:64:85 |
[    8.861995] cloud-init[949]: ci-info: |   lo   |  True |         127.0.0.1          |   255.0.0.0   |  host  |         .         |
[    8.862052] cloud-init[949]: ci-info: |   lo   |  True |          ::1/128           |       .       |  host  |         .         |
[    8.862111] cloud-init[949]: ci-info: +--------+-------+----------------------------+---------------+--------+-------------------+
[    8.862176] cloud-init[949]: ci-info: +++++++++++++++++++++++++++Route IPv4 info++++++++++++++++++++++++++++
[    8.862234] cloud-init[949]: ci-info: +-------+-------------+----------+---------------+-----------+-------+
[    8.862294] cloud-init[949]: ci-info: | Route | Destination | Gateway  |    Genmask    | Interface | Flags |
[    8.862349] cloud-init[949]: ci-info: +-------+-------------+----------+---------------+-----------+-------+
[    8.862404] cloud-init[949]: ci-info: |   0   |   0.0.0.0   | 10.0.2.2 |    0.0.0.0    |   enp0s3  |   UG  |
[    8.862459] cloud-init[949]: ci-info: |   1   |   10.0.2.0  | 0.0.0.0  | 255.255.255.0 |   enp0s3  |   U   |
[    8.862515] cloud-init[949]: ci-info: +-------+-------------+----------+---------------+-----------+-------+
[    8.862569] cloud-init[949]: ci-info: +++++++++++++++++++Route IPv6 info+++++++++++++++++++
[    8.862624] cloud-init[949]: ci-info: +-------+-------------+---------+-----------+-------+
[    8.862681] cloud-init[949]: ci-info: | Route | Destination | Gateway | Interface | Flags |
[    8.862739] cloud-init[949]: ci-info: +-------+-------------+---------+-----------+-------+
[    8.862793] cloud-init[949]: ci-info: |   0   |  fe80::/64  |    ::   |   enp0s3  |   U   |
[    8.863227] cloud-init[949]: ci-info: |   3   |   ff00::/8  |    ::   |   enp0s3  |   U   |
[    8.863287] cloud-init[949]: ci-info: +-------+-------------+---------+-----------+-------+
[    8.863346] cloud-init[949]: Generating public/private rsa key pair.
[    8.863401] cloud-init[949]: Your identification has been saved in /etc/ssh/ssh_host_rsa_key.
[    8.863495] cloud-init[949]: Your public key has been saved in /etc/ssh/ssh_host_rsa_key.pub.
[    8.863551] cloud-init[949]: The key fingerprint is:
[    8.863598] cloud-init[949]: SHA256:8iRMyY2SmkjUzCOJUIsBtxLEKadChLUYOmZrM84wmUE root@ubuntu-xenial
[    8.863642] cloud-init[949]: The key's randomart image is:
[    8.863689] cloud-init[949]: +---[RSA 2048]----+
[    8.863751] cloud-init[949]: |#EX              |
[    8.863852] cloud-init[949]: |B&.O o +         |
[    8.863899] cloud-init[949]: |X*= + = .        |
[    8.863943] cloud-init[949]: |*B.o +           |
[[0;32m  OK  [0m] Reached target System Initialization.
[    8.864046] cloud-init[949]: |B=o   + S        |
[    9.215030] cloud-init[949]: |=.o    =         |
[[    9.215469] cloud-init[949]: | o      .        |
[0;32m  OK  [0m[    9.217221] cloud-init[949]: |                 |
] Started Daily apt download activities.
[    9.218978] cloud-init[949]: |                 |
[    9.238510] cloud-init[949]: +----[SHA256]-----+
         [    9.238760] cloud-init[949]: Generating public/private dsa key pair.
Starting Socket activation for snappy daemon.[    9.239920] cloud-init[949]: Your identification has been saved in /etc/ssh/ssh_host_dsa_key.

[    9.242055] cloud-init[949]: Your public key has been saved in /etc/ssh/ssh_host_dsa_key.pub.
[    9.243905] cloud-init[949]: The key fingerprint is:
[    9.244469] cloud-init[949]: SHA256:bC55V/ibqN3aq4TWOhVYfG1H5cZY/zwLA0FdFgszieI root@ubuntu-xenial
[    9.244747] cloud-init[949]: The key's randomart image is:
[    9.245018] cloud-init[949]: +---[DSA 1024]----+
[    9.245322] cloud-init[949]: |         ..oo=o=*|
[    9.245590] cloud-init[949]: |         .o.ooB=+|
[    9.245871] cloud-init[949]: |        .o.o ..o=|
[    9.246143] cloud-init[949]: |       ..E...  o.|
[    9.246421] cloud-init[949]: |        S ...o .o|
[    9.246694] cloud-init[949]: |       + o.o  o o|
[    9.246960] cloud-init[949]: |      o =.+ .  . |
[    9.247234] cloud-init[949]: |       +.= + o   |
[    9.247507] cloud-init[949]: |        oo=o*.   |
[    9.247780] cloud-init[949]: +----[SHA256]-----+
[    9.248390] cloud-init[949]: Generating public/private ecdsa key pair.
[    9.248685] cloud-init[949]: Your identification has been saved in /etc/ssh/ssh_host_ecdsa_key.
[    9.248996] cloud-init[949]: Your public key has been saved in /etc/ssh/ssh_host_ecdsa_key.pub.
[    9.249303] cloud-init[949]: The key fingerprint is:
[    9.249612] cloud-init[949]: SHA256:p6higm5TZr91gDLkyVCeAyRvVfBtZOWIBU40axMD4SQ root@ubuntu-xenial
[    9.249923] cloud-init[949]: The key's randomart image is:
[    9.250227] cloud-init[949]: +---[ECDSA 256]---+
[    9.250539] cloud-init[949]: |ooE.**O.+..      |
[    9.250841] cloud-init[949]: |..+=.+ @ o       |
[    9.251150] cloud-init[949]: | .o=. B + .      |
[    9.251465] cloud-init[949]: | .= o..o         |
[    9.251769] cloud-init[949]: |   * . .S .      |
[    9.252403] cloud-init[949]: |   +o  ..o       |
[    9.252709] cloud-init[949]: |. + . ....       |
[    9.253010] cloud-init[949]: |ooo  o. .        |
[    9.253323] cloud-init[949]: |o+.....          |
[    9.253619] cloud-init[949]: +----[SHA256]-----+
[    9.253923] cloud-init[949]: Generating public/private ed25519 key pair.
[    9.254231] cloud-init[949]: Your identification has been saved in /etc/ssh/ssh_host_ed25519_key.
[    9.254532] cloud-init[949]: Your public key has been saved in /etc/ssh/ssh_host_ed25519_key.pub.
[    9.254836] cloud-init[949]: The key fingerprint is:
[    9.255184] cloud-init[949]: SHA256:rd9PO1hd6I7wz1JfDVysABIFfiLZhJ99qWCf+6HDpbI root@ubuntu-xenial
[    9.255489] cloud-init[949]: The key's randomart image is:
[    9.255793] cloud-init[949]: +--[ED25519 256]--+
[    9.256415] cloud-init[949]: |       .=+o.   . |
[    9.257393] cloud-init[949]: |      .= .  .   o|
[    9.257951] cloud-init[949]: |      o.+o.  + + |
[    9.258029] cloud-init[949]: |       .=+. o = .|
[    9.258332] cloud-init[949]: |       .So.+ . oo|
[    9.258641] cloud-init[949]: |         .= . + +|
[    9.258964] cloud-init[949]: |        .. *.*...|
[    9.259264] cloud-init[949]: |        ..=o=+o..|
[    9.259564] cloud-init[949]: |        Eoooo+=. |
[    9.259876] cloud-init[949]: +----[SHA256]-----+
[[0;32m  OK  [0m] Started Daily Cleanup of Temporary Directories.
[[0;32m  OK  [0m] Listening on D-Bus System Message Bus Socket.
[[0;32m  OK  [0m] Started ACPI Events Check.
[[0;32m  OK  [0m] Reached target Paths.
[[0;32m  OK  [0m] Listening on ACPID Listen Socket.
         Starting LXD - unix socket.
[[0;32m  OK  [0m] Listening on UUID daemon activation socket.
[[0;32m  OK  [0m] Started Daily apt upgrade and clean activities.
[[0;32m  OK  [0m] Reached target Timers.
[[0;32m  OK  [0m] Listening on Socket activation for snappy daemon.
[[0;32m  OK  [0m] Listening on LXD - unix socket.
[[0;32m  OK  [0m] Started iSCSI initiator daemon (iscsid).
         Starting Login to default iSCSI targets...
[[0;32m  OK  [0m] Reached target Sockets.
[[0;32m  OK  [0m] Reached target Basic System.
         Starting LSB: Record successful boot for GRUB...
         Starting LXD - container startup/shutdown...
         Starting Pollinate to seed the pseudo random number generator...
         Starting LSB: MD monitoring daemon...
[[0;32m  OK  [0m] Started Unattended Upgrades Shutdown.
[[0;32m  OK  [0m] Started D-Bus System Message Bus.
[[0;32m  OK  [0m] Started ACPI event daemon.
         Starting Login Service...
         Starting Virtualbox guest utils...
[[0;32m  OK  [0m] Started FUSE filesystem for LXC.
         Starting Accounts Service...
[[0;32m  OK  [0m] Started Deferred execution scheduler.
[[0;32m  OK  [0m] Started Regular background program processing daemon.
         Starting /etc/rc.local Compatibility...
         Starting System Logging Service...
         Starting Snappy daemon...
[[0;32m  OK  [0m] Started System Logging Service.
[[0;32m  OK  [0m] Started LXD - container startup/shutdown.
[[0;32m  OK  [0m] Started /etc/rc.local Compatibility.
[[0;32m  OK  [0m] Started Login to default iSCSI targets.
[[0;32m  OK  [0m] Started LSB: Record successful boot for GRUB.
[[0;32m  OK  [0m] Started LSB: MD monitoring daemon.
[[0;32m  OK  [0m] Started Login Service.
         Starting Authenticate and Authorize Users to Run Privileged Tasks...
[[0;32m  OK  [0m] Reached target Remote File Systems (Pre).
[[0;32m  OK  [0m] Reached target Remote File Systems.
         Starting LSB: automatic crash report generation...
         Starting LSB: Set the CPU Frequency Scaling governor to "ondemand"...
         Starting LSB: daemon to balance interrupts for SMP systems...
         Starting Permit User Sessions...
[[0;32m  OK  [0m] Started Permit User Sessions.
[[0;32m  OK  [0m] Started Virtualbox guest utils.
[[0;32m  OK  [0m] Started Authenticate and Authorize Users to Run Privileged Tasks.
[[0;32m  OK  [0m] Started Snappy daemon.
[[0;32m  OK  [0m] Started Accounts Service.
         Starting Wait until snapd is fully seeded...
         Starting Terminate Plymouth Boot Screen...
         Starting Hold until boot process finishes up...
[[0;32m  OK  [0m] Started LSB: automatic crash report generation.
[[0;32m  OK  [0m] Started LSB: Set the CPU Frequency Scaling governor to "ondemand".
[[0;32m  OK  [0m] Started LSB: daemon to balance interrupts for SMP systems.
[[0;32m  OK  [0m] Started Terminate Plymouth Boot Screen.
[[0;32m  OK  [0m] Started Hold until boot process finishes up.
[[0;32m  OK  [0m] Started Getty on tty1.
[[0;32m  OK  [0m] Started Serial Getty on ttyS0.
[[0;32m  OK  [0m] Reached target Login Prompts.
         Starting Set console scheme...
[[0;32m  OK  [0m] Started Set console scheme.
[[0;32m  OK  [0m] Started Pollinate to seed the pseudo random number generator.
         Starting OpenBSD Secure Shell server...
[[0;32m  OK  [0m] Started OpenBSD Secure Shell server.
[[0;32m  OK  [0m] Created slice User Slice of vagrant.
         Starting User Manager for UID 1000...
[[0;32m  OK  [0m] Started Session 1 of user vagrant.
[[0;32m  OK  [0m] Started User Manager for UID 1000.
[[0;32m  OK  [0m] Started Wait until snapd is fully seeded.
[[0;32m  OK  [0m] Reached target Multi-User System.
[[0;32m  OK  [0m] Reached target Graphical Interface.
         Starting Update UTMP about System Runlevel Changes...
         Starting Apply the settings specified in cloud-config...
[[0;32m  OK  [0m] Started Update UTMP about System Runlevel Changes.
[   13.106682] cloud-init[1338]: Generating locales (this might take a while)...
[   13.807760] cloud-init[1338]:   en_US.UTF-8... done
[   13.813761] cloud-init[1338]: Generation complete.
[   14.047143] cloud-init[1338]: Cloud-init v. 18.4-0ubuntu1~16.04.2 running 'modules:config' at Thu, 19 Sep 2019 22:22:32 +0000. Up 12.97 seconds.
[[0;32m  OK  [0m] Started Apply the settings specified in cloud-config.
         Starting Execute cloud user/final scripts...
ci-info: no authorized ssh keys fingerprints found for user ubuntu.
<14>Sep 19 22:22:34 ec2: 
<14>Sep 19 22:22:34 ec2: #############################################################
<14>Sep 19 22:22:34 ec2: -----BEGIN SSH HOST KEY FINGERPRINTS-----
<14>Sep 19 22:22:34 ec2: 1024 SHA256:bC55V/ibqN3aq4TWOhVYfG1H5cZY/zwLA0FdFgszieI root@ubuntu-xenial (DSA)
<14>Sep 19 22:22:34 ec2: 256 SHA256:p6higm5TZr91gDLkyVCeAyRvVfBtZOWIBU40axMD4SQ root@ubuntu-xenial (ECDSA)
<14>Sep 19 22:22:34 ec2: 256 SHA256:rd9PO1hd6I7wz1JfDVysABIFfiLZhJ99qWCf+6HDpbI root@ubuntu-xenial (ED25519)
<14>Sep 19 22:22:34 ec2: 2048 SHA256:8iRMyY2SmkjUzCOJUIsBtxLEKadChLUYOmZrM84wmUE root@ubuntu-xenial (RSA)
<14>Sep 19 22:22:34 ec2: -----END SSH HOST KEY FINGERPRINTS-----
<14>Sep 19 22:22:34 ec2: #############################################################
-----BEGIN SSH HOST KEY KEYS-----
ecdsa-sha2-nistp256 AAAAE2VjZHNhLXNoYTItbmlzdHAyNTYAAAAIbmlzdHAyNTYAAABBBKpIRj+IJj0SsPAMaeukN3BiiWY8JaqDBpQ8sqd3LS6SgIWqUqGJtrG1yKh8Qy9wZuursxV1Es2bEebOTJjmVmM= root@ubuntu-xenial
ssh-ed25519 AAAAC3NzaC1lZDI1NTE5AAAAIFCFmQtxtNeeFvjmn/c+yJKHaNuW8mybIEKDzUZ7p9WS root@ubuntu-xenial
ssh-rsa AAAAB3NzaC1yc2EAAAADAQABAAABAQCmhYubHUzapGhm7SWtV19akvGu8iDM6L/DDzqzA4s+D1mgIhnhMm+TJw1yzW3sXverKI+NkCuT1CZgkFxy2DHB/XrE9dil/qL+ZebMZoWInt3CK7en0Ye+SItycSjzwGnTpgOqZOeWebZkLxgOoxob9mOiPX/wT3aRbVbyxouPap1psIMJCSL6S+675ChnJQaWUfQoCNNdXPIQxPlNPAcbihbDLb225WdXwKtlf1VIa8iLB1M9W95sseKbEH+X9rdSICg+OmPJUZnzlEcqHlSUjhyIqFbstolJSyFHmIWq1aR57VQd7ctxIdgJF7BG2SHdMBB3773jktp9w6paw3AH root@ubuntu-xenial
-----END SSH HOST KEY KEYS-----
[   14.657077] cloud-init[1440]: Cloud-init v. 18.4-0ubuntu1~16.04.2 running 'modules:final' at Thu, 19 Sep 2019 22:22:34 +0000. Up 14.39 seconds.
[   14.682827] cloud-init[1440]: ci-info: no authorized ssh keys fingerprints found for user ubuntu.
[   14.685936] cloud-init[1440]: Cloud-init v. 18.4-0ubuntu1~16.04.2 finished at Thu, 19 Sep 2019 22:22:34 +0000. Datasource DataSourceNoCloud [seed=/dev/sdb][dsmode=net].  Up 14.64 seconds
[[0;32m  OK  [0m] Started Execute cloud user/final scripts.
[[0;32m  OK  [0m] Reached target Cloud-init target.

Ubuntu 16.04.5 LTS ubuntu-xenial ttyS0

ubuntu-xenial login: 